Copyright 1986-2022 Xilinx, Inc. All Rights Reserved. Copyright 2022-2024 Advanced Micro Devices, Inc. All Rights Reserved.
-------------------------------------------------------------------------------------------------------------------------------------------------------------
| Tool Version     : Vivado v.2024.2 (win64) Build 5239630 Fri Nov 08 22:35:27 MST 2024
| Date             : Sat Apr 12 23:04:20 2025
| Host             : CHRIS-LAPTOP running 64-bit major release  (build 9200)
| Command          : report_power -file fpga_datapath_power_routed.rpt -pb fpga_datapath_power_summary_routed.pb -rpx fpga_datapath_power_routed.rpx
| Design           : fpga_datapath
| Device           : xc7a35tcpg236-1
| Design State     : routed
| Grade            : commercial
| Process          : typical
| Characterization : Production
-------------------------------------------------------------------------------------------------------------------------------------------------------------

Power Report

Table of Contents
-----------------
1. Summary
1.1 On-Chip Components
1.2 Power Supply Summary
1.3 Confidence Level
2. Settings
2.1 Environment
2.2 Clock Constraints
3. Detailed Reports
3.1 By Hierarchy

1. Summary
----------

+--------------------------+-----------------------------------+
| Total On-Chip Power (W)  | 141.929 (Junction temp exceeded!) |
| Design Power Budget (W)  | Unspecified*                      |
| Power Budget Margin (W)  | NA                                |
| Dynamic (W)              | 141.443                           |
| Device Static (W)        | 0.486                             |
| Effective TJA (C/W)      | 5.0                               |
| Max Ambient (C)          | 0.0                               |
| Junction Temperature (C) | 125.0                             |
| Confidence Level         | Low                               |
| Setting File             | ---                               |
| Simulation Activity File | ---                               |
| Design Nets Matched      | NA                                |
+--------------------------+-----------------------------------+
* Specify Design Power Budget using, set_operating_conditions -design_power_budget <value in Watts>


1.1 On-Chip Components
----------------------

+--------------------------+-----------+----------+-----------+-----------------+
| On-Chip                  | Power (W) | Used     | Available | Utilization (%) |
+--------------------------+-----------+----------+-----------+-----------------+
| Slice Logic              |    44.463 |     6718 |       --- |             --- |
|   LUT as Logic           |    42.464 |     3117 |     20800 |           14.99 |
|   F7/F8 Muxes            |     1.631 |      816 |     32600 |            2.50 |
|   LUT as Distributed RAM |     0.249 |       16 |      9600 |            0.17 |
|   CARRY4                 |     0.105 |       21 |      8150 |            0.26 |
|   Register               |     0.008 |     2058 |     41600 |            4.95 |
|   BUFG                   |     0.006 |        1 |        32 |            3.13 |
|   Others                 |     0.000 |       10 |       --- |             --- |
| Signals                  |    50.371 |     3529 |       --- |             --- |
| I/O                      |    46.608 |       17 |       106 |           16.04 |
| Static Power             |     0.486 |          |           |                 |
| Total                    |   141.929 |          |           |                 |
+--------------------------+-----------+----------+-----------+-----------------+


1.2 Power Supply Summary
------------------------

+-----------+-------------+-----------+-------------+------------+-------------+-------------+------------+
| Source    | Voltage (V) | Total (A) | Dynamic (A) | Static (A) | Powerup (A) | Budget (A)  | Margin (A) |
+-----------+-------------+-----------+-------------+------------+-------------+-------------+------------+
| Vccint    |       1.000 |    95.179 |      94.839 |      0.341 |       NA    | Unspecified | NA         |
| Vccaux    |       1.800 |     1.761 |       1.708 |      0.053 |       NA    | Unspecified | NA         |
| Vcco33    |       3.300 |    13.192 |      13.191 |      0.001 |       NA    | Unspecified | NA         |
| Vcco25    |       2.500 |     0.000 |       0.000 |      0.000 |       NA    | Unspecified | NA         |
| Vcco18    |       1.800 |     0.000 |       0.000 |      0.000 |       NA    | Unspecified | NA         |
| Vcco15    |       1.500 |     0.000 |       0.000 |      0.000 |       NA    | Unspecified | NA         |
| Vcco135   |       1.350 |     0.000 |       0.000 |      0.000 |       NA    | Unspecified | NA         |
| Vcco12    |       1.200 |     0.000 |       0.000 |      0.000 |       NA    | Unspecified | NA         |
| Vccaux_io |       1.800 |     0.000 |       0.000 |      0.000 |       NA    | Unspecified | NA         |
| Vccbram   |       1.000 |     0.010 |       0.000 |      0.010 |       NA    | Unspecified | NA         |
| MGTAVcc   |       1.000 |     0.000 |       0.000 |      0.000 |       NA    | Unspecified | NA         |
| MGTAVtt   |       1.200 |     0.000 |       0.000 |      0.000 |       NA    | Unspecified | NA         |
| Vccadc    |       1.800 |     0.020 |       0.000 |      0.020 |       NA    | Unspecified | NA         |
+-----------+-------------+-----------+-------------+------------+-------------+-------------+------------+


1.3 Confidence Level
--------------------

+-----------------------------+------------+--------------------------------------------------------+--------------------------------------------------------------------------------------------------------------------+
| User Input Data             | Confidence | Details                                                | Action                                                                                                             |
+-----------------------------+------------+--------------------------------------------------------+--------------------------------------------------------------------------------------------------------------------+
| Design implementation state | High       | Design is routed                                       |                                                                                                                    |
| Clock nodes activity        | Low        | User specified less than 75% of clocks                 | Provide missing clock activity with a constraint file, simulation results or by editing the "By Clock Domain" view |
| I/O nodes activity          | Low        | More than 75% of inputs are missing user specification | Provide missing input activity with simulation results or by editing the "By Resource Type -> I/Os" view           |
| Internal nodes activity     | Medium     | User specified less than 25% of internal nodes         | Provide missing internal nodes activity with simulation results or by editing the "By Resource Type" views         |
| Device models               | High       | Device models are Production                           |                                                                                                                    |
|                             |            |                                                        |                                                                                                                    |
| Overall confidence level    | Low        |                                                        |                                                                                                                    |
+-----------------------------+------------+--------------------------------------------------------+--------------------------------------------------------------------------------------------------------------------+


2. Settings
-----------

2.1 Environment
---------------

+-----------------------+--------------------------+
| Ambient Temp (C)      | 25.0                     |
| ThetaJA (C/W)         | 5.0                      |
| Airflow (LFM)         | 250                      |
| Heat Sink             | medium (Medium Profile)  |
| ThetaSA (C/W)         | 4.6                      |
| Board Selection       | medium (10"x10")         |
| # of Board Layers     | 12to15 (12 to 15 Layers) |
| Board Temperature (C) | 25.0                     |
+-----------------------+--------------------------+


2.2 Clock Constraints
---------------------

+-------+--------+-----------------+
| Clock | Domain | Constraint (ns) |
+-------+--------+-----------------+


3. Detailed Reports
-------------------

3.1 By Hierarchy
----------------

+-------------------------+-----------+
| Name                    | Power (W) |
+-------------------------+-----------+
| fpga_datapath           |   141.443 |
|   datapath_inst         |    94.659 |
|     alu_inst            |     0.392 |
|     dm_inst             |    19.260 |
|     pc_add_inst         |     0.050 |
|     pc_adder_inst       |     0.079 |
|     pc_inst             |    64.822 |
|     rf_inst             |    10.056 |
|       RM_reg_0_15_0_0   |     0.483 |
|       RM_reg_0_15_10_10 |     0.633 |
|       RM_reg_0_15_11_11 |     0.603 |
|       RM_reg_0_15_12_12 |     0.604 |
|       RM_reg_0_15_13_13 |     0.563 |
|       RM_reg_0_15_14_14 |     0.597 |
|       RM_reg_0_15_15_15 |     0.589 |
|       RM_reg_0_15_1_1   |     0.476 |
|       RM_reg_0_15_2_2   |     0.447 |
|       RM_reg_0_15_3_3   |     0.538 |
|       RM_reg_0_15_4_4   |     0.453 |
|       RM_reg_0_15_5_5   |     0.518 |
|       RM_reg_0_15_6_6   |     0.440 |
|       RM_reg_0_15_7_7   |     0.497 |
|       RM_reg_0_15_8_8   |     0.587 |
|       RM_reg_0_15_9_9   |     0.640 |
+-------------------------+-----------+


